// Jest Snapshot v1, https://goo.gl/fbAQLP

exports[`Pruebas en <PrestamoPage/> Debe de hacer match con el snaptshot 1`] = `
<div>
  <div
    class="MuiGrid-root MuiGrid-container MuiGrid-direction-xs-column css-ro1yt6-MuiGrid-root"
  >
    <div
      class="MuiGrid-root css-1tepu03-MuiGrid-root"
    >
      <h5
        class="MuiTypography-root MuiTypography-h5 css-1jcm1rz-MuiTypography-root"
      >
        Prestamo
         
      </h5>
      <form>
        <div
          class="MuiGrid-root MuiGrid-container css-11lq3yg-MuiGrid-root"
        >
          <div
            class="MuiGrid-root MuiGrid-item MuiGrid-grid-xs-12 css-1hzi63y-MuiGrid-root"
          >
            <label
              class="MuiFormLabel-root MuiInputLabel-root MuiInputLabel-animated MuiFormLabel-colorPrimary MuiInputLabel-root MuiInputLabel-animated css-9npbnl-MuiFormLabel-root-MuiInputLabel-root"
            >
              Fecha
            </label>
            <div
              class="MuiFormControl-root MuiFormControl-fullWidth MuiTextField-root css-wb57ya-MuiFormControl-root-MuiTextField-root"
            >
              <div
                class="MuiInputBase-root MuiOutlinedInput-root MuiInputBase-colorPrimary MuiInputBase-fullWidth MuiInputBase-formControl css-md26zr-MuiInputBase-root-MuiOutlinedInput-root"
              >
                <input
                  aria-invalid="false"
                  class="MuiInputBase-input MuiOutlinedInput-input css-1t8l2tu-MuiInputBase-input-MuiOutlinedInput-input"
                  id=":r0:"
                  name="fecha"
                  type="date"
                  value=""
                />
                <fieldset
                  aria-hidden="true"
                  class="MuiOutlinedInput-notchedOutline css-1d3z3hw-MuiOutlinedInput-notchedOutline"
                >
                  <legend
                    class="css-ihdtdm"
                  >
                    <span
                      class="notranslate"
                    >
                      ​
                    </span>
                  </legend>
                </fieldset>
              </div>
            </div>
          </div>
          <div
            class="MuiGrid-root MuiGrid-item MuiGrid-grid-xs-12 css-1hzi63y-MuiGrid-root"
          >
            <label
              class="MuiFormLabel-root MuiInputLabel-root MuiInputLabel-animated MuiFormLabel-colorPrimary MuiInputLabel-root MuiInputLabel-animated css-9npbnl-MuiFormLabel-root-MuiInputLabel-root"
            >
              Hora Prestamo
            </label>
            <input
              label="Hora"
              name="horaPrestamo"
              placeholder="Hora Prestamo"
              type="time"
              value=""
            />
          </div>
          <div
            class="MuiGrid-root MuiGrid-item MuiGrid-grid-xs-12 css-1hzi63y-MuiGrid-root"
          >
            <label
              class="MuiFormLabel-root MuiInputLabel-root MuiInputLabel-animated MuiFormLabel-colorPrimary MuiInputLabel-root MuiInputLabel-animated css-9npbnl-MuiFormLabel-root-MuiInputLabel-root"
            >
              Hora Devolucion
            </label>
            <input
              label="Hora"
              name="horaDevolucion"
              placeholder="Hora Devolucion"
              type="time"
              value=""
            />
          </div>
          <div
            class="MuiGrid-root MuiGrid-item MuiGrid-grid-xs-12 css-1hzi63y-MuiGrid-root"
          >
            <label
              class="MuiFormLabel-root MuiInputLabel-root MuiInputLabel-animated MuiFormLabel-colorPrimary MuiInputLabel-root MuiInputLabel-animated css-9npbnl-MuiFormLabel-root-MuiInputLabel-root"
            >
              Docente
            </label>
            <div
              class="MuiInputBase-root MuiOutlinedInput-root MuiInputBase-colorPrimary MuiInputBase-fullWidth  css-1ualgfl-MuiInputBase-root-MuiOutlinedInput-root-MuiSelect-root"
            >
              <div
                aria-expanded="false"
                aria-haspopup="listbox"
                aria-labelledby="mui-component-select-docente"
                class="MuiSelect-select MuiSelect-outlined MuiInputBase-input MuiOutlinedInput-input css-11u53oe-MuiSelect-select-MuiInputBase-input-MuiOutlinedInput-input"
                id="mui-component-select-docente"
                role="button"
                tabindex="0"
              >
                <span
                  class="notranslate"
                >
                  ​
                </span>
              </div>
              <input
                aria-hidden="true"
                class="MuiSelect-nativeInput css-yf8vq0-MuiSelect-nativeInput"
                name="docente"
                tabindex="-1"
                value=""
              />
              <svg
                aria-hidden="true"
                class="MuiSvgIcon-root MuiSvgIcon-fontSizeMedium MuiSelect-icon MuiSelect-iconOutlined css-hfutr2-MuiSvgIcon-root-MuiSelect-icon"
                data-testid="ArrowDropDownIcon"
                focusable="false"
                viewBox="0 0 24 24"
              >
                <path
                  d="M7 10l5 5 5-5z"
                />
              </svg>
              <fieldset
                aria-hidden="true"
                class="MuiOutlinedInput-notchedOutline css-1d3z3hw-MuiOutlinedInput-notchedOutline"
              >
                <legend
                  class="css-yjsfm1"
                >
                  <span>
                    Docente
                  </span>
                </legend>
              </fieldset>
            </div>
          </div>
          <div
            class="MuiGrid-root MuiGrid-item MuiGrid-grid-xs-12 css-1hzi63y-MuiGrid-root"
          >
            <label
              class="MuiFormLabel-root MuiInputLabel-root MuiInputLabel-animated MuiFormLabel-colorPrimary MuiInputLabel-root MuiInputLabel-animated css-9npbnl-MuiFormLabel-root-MuiInputLabel-root"
            >
              Usuario
            </label>
            <div
              class="MuiInputBase-root MuiOutlinedInput-root MuiInputBase-colorPrimary MuiInputBase-fullWidth  css-1ualgfl-MuiInputBase-root-MuiOutlinedInput-root-MuiSelect-root"
            >
              <div
                aria-expanded="false"
                aria-haspopup="listbox"
                aria-labelledby="mui-component-select-usuario"
                class="MuiSelect-select MuiSelect-outlined MuiInputBase-input MuiOutlinedInput-input css-11u53oe-MuiSelect-select-MuiInputBase-input-MuiOutlinedInput-input"
                id="mui-component-select-usuario"
                role="button"
                tabindex="0"
              >
                <span
                  class="notranslate"
                >
                  ​
                </span>
              </div>
              <input
                aria-hidden="true"
                class="MuiSelect-nativeInput css-yf8vq0-MuiSelect-nativeInput"
                name="usuario"
                tabindex="-1"
                value=""
              />
              <svg
                aria-hidden="true"
                class="MuiSvgIcon-root MuiSvgIcon-fontSizeMedium MuiSelect-icon MuiSelect-iconOutlined css-hfutr2-MuiSvgIcon-root-MuiSelect-icon"
                data-testid="ArrowDropDownIcon"
                focusable="false"
                viewBox="0 0 24 24"
              >
                <path
                  d="M7 10l5 5 5-5z"
                />
              </svg>
              <fieldset
                aria-hidden="true"
                class="MuiOutlinedInput-notchedOutline css-1d3z3hw-MuiOutlinedInput-notchedOutline"
              >
                <legend
                  class="css-yjsfm1"
                >
                  <span>
                    Usuario
                  </span>
                </legend>
              </fieldset>
            </div>
          </div>
          <div
            class="MuiGrid-root MuiGrid-container MuiGrid-spacing-xs-2 css-h80lhz-MuiGrid-root"
          >
            <div
              class="MuiGrid-root MuiGrid-item MuiGrid-grid-xs-12 css-1idn90j-MuiGrid-root"
            >
              <button
                class="MuiButtonBase-root MuiButton-root MuiButton-contained MuiButton-containedPrimary MuiButton-sizeMedium MuiButton-containedSizeMedium MuiButton-fullWidth MuiButton-root MuiButton-contained MuiButton-containedPrimary MuiButton-sizeMedium MuiButton-containedSizeMedium MuiButton-fullWidth css-dxhjt-MuiButtonBase-root-MuiButton-root"
                tabindex="0"
                type="submit"
              >
                Registrar
                <span
                  class="MuiTouchRipple-root css-8je8zh-MuiTouchRipple-root"
                />
              </button>
            </div>
          </div>
        </div>
      </form>
    </div>
  </div>
</div>
`;
